// Jest Snapshot v1, https://goo.gl/fbAQLP

exports[`Feedback matches snapshot 1`] = `
<div
  class="container"
>
  <div
    class="vue-feedback-reaction"
  >
    <div
      class="reaction"
    >
      <div
        class="vue-reaction"
      >
        <img
          src="data:image/png;base64,iVBORw0KGgoAAAANSUhEUgAAAGQAAABkCAYAAABw4pVUAAAACXBIWXMAAAABAAAAAQBPJcTWAAAAJHpUWHRDcmVhdG9yAAAImXNMyU9KVXBMK0ktUnBNS0tNLikGAEF6Bs5qehXFAAAQcElEQVR4nO1da3Ab13X+uFwsAXAJkMSDlChSEinxJVIuVdmKLUvjPGwnY0/9SBpVauN2bKfJNNOH2mmnU9dt46YzzaRuO55kps6Mp0lm4qR2/dDUtezaiZM0lkRZUSWS4kuURFGkCAIgCYDL3eVyedkfEGBgsbu4C4APkfhmONy9e+69Z8+359x79nEBFFFEEUUUUUQRRRRReJTQCC0vL6+0HpsWJSXpFLBrpEch4ALQCKAWgAdAFdLPRwAwC2AKwA0A4wCWVllHy7hdCPEAuFeRpYMLkrhPlqW9SwuyT1EWsaSqWCZLACHpNRgGpawNrC3+x9kdKmuzDZaVl1/kOHs3gF8CuAiAZHa3dljPIatZVZQjc5GZh8W52J3SvFCiNTrDMNSNpcqWsDaU2cvg4F3T5a7Kd1iOewPAWwAWCqQ7NbQha70Rwi+p6rGZUOApYXb2rgVZShoy1fQ0RFghy+ZwgndXxvjK6h+Vsux3AZy3qHfOWK+E1EiC8CczUze/OheNVCYKGYaxRIQVEozgcLlR5a/9BWd3fAtxr1lRrDdC3JIg/GVw/Pofzgtz5cDHRrVCRiGI0MLO86j013bbnfwzAH5S8A5uYb0QUqLI0pcDY6PfEGJRX6LQKhkrQYQWDpcbntq6EyzHHQdwrdDtrzkhBNgdGr/+UujmxCEgnYTE/2xkrAYRWrj9tWKV1/8MGOYFFHBmtqaEyKLw5fGR4X+RZTkjPCX+r0cyErA5nPDV1X/A2R1PIJ7X5I01IYQAzmgw8OLE6NXfSZTdbmSkwlNXH66o8hwB8NN821p9QgjZOnFt5K3QVKCLYRgk/oDbk4wEyj1e4qvZ+kdgmO/k086qErKkqnuuDV46KQpz9YC+VyT+J8x9O5CRgJ3n4W9ofJ5hmD8HkJORVo0QVVHuGOnveV8WRW+a4TcIGQnYHE7Ubm98sZRl/wA5DPZaQlbkbFVF6Rzpu5BBRrLTDUIGACxKIgLXr35lSVW/A8oL3AwFP+MlVd0x0t/zniyK3mQnOqRkVew2ICOBW6R8lRDyj/m2VdizJqTySn/fSVkQapASntI6pPCO24mMBBYlEcGxq38BQr6STzuFPHNmbGToZSEy06p78DY0slXIgoDQ1M1vAziUaxsFs1JocvzZcGDycwzDADrjRer2RvOOVMxPh9m52elXAdTkUr8gZy8Jwj03row8m9awASmbAdMTN2oUWfp35DDI528pQpzXBvu+D0JKaa72jewdqQhN3PgcCHnaar28LTA1fv3vRFHc9XGL+kbeSMamwaIkYjYc/BaArVbq5WUlRZZaJkavHdc2Yvrswqh8AxIWDQbcqqJYmgrnZYWxkeHnCSG6L0pkS/Q2IgF6mA5MfAnAXbTyOVtFiEU/EQmHHqIJSZvF+HqQYlHIovAcrXzOlhq/evnvM1vLbZDe6IRFgoEHAdxLI5uTJYRY9A4hEvmMboMU48dGJ0ALWRCgyNKf0cjmZJnQ+Nhxq7c1NxsJWswGA48g/qalKSxbSVUU13Rw6otmFTfj4J0NUixasqSqT2aTs2yt6cDEFwngyE0tHQU2EWFCZOYJZLG5dUKCU0c3jwkLCyEaqQdw0EzGkm0VWaoSYrH7MhrZRFd5PliURKiK8piZjKW332fDwfuRQmI+uUf32bN47Y3XAQBNOxtx4MABdHR2gmPX9oV8VVXR09uL7u5uXLl2FQBw7LeOYl9XV0Han49FPuv2+v/U6Lils4+Gpz+dv0pxvPbG65CEeQBAX28vBgYGAABtbW04cOAA9nZ2gl0lchRVRV8KCZIwj1KWxZKqAgBe/vGPCkaILM63uYEtACb1jtOfMSGIxSJUyU0uWFJVlLIsBgYG0NfbCwdfvqKek+oJiYshQYB2u5CQRRGIJ4mv6h2nPktJFHmiqm0F0guff+zxNC8B0o0gCfMZnnP02DFUulx59TszM4P/eOWVNE/Q9p0KB1+Ozz/2eF59pmJZXYSiyHdynF2XEKoHKEvLy4gGA3df7us5BWTmGcl9nRfhzJ4SqoQkQ8XAwIChURJG8/k8ePav/4ZGZV0sM6X4xnN/i1Bo2tQDUr1zJUKnp67+fyqqPA8COX5jyAAQ52JtBPrTMkJITjMtlmGwr6sLXb++H0vKQtpgquc5odC05T5SUUKWDMlYaRJSoS4uGkYa+pAlSTtXanJbQpbAsiz2dXVhX1dXRnxPjC9tbflFzBLWhra2NvT19gJYXRJSochSHQAOgJKhI00Dy8vL6D935ntCLPa7gPGLC1ZDlraNDOVYGxZlCSNXrgAAWltasMyUooTk9zHt4NAQAKCxqWlNptk2hxN1Tc07AYzm/Fm0oii+7FJxpIawXMMZEB8AWZZFa0tLsixfMgCktbcWUBcXAcAHYFR7jNpSqqJU5aME0X62vImxrC4C8e/qM0BNCCHESSlnfMxARpRliLJsWC/bcatY7f60uHX+uvbMKYAahiFC0p4a0oSrn/3853jzzTcBAJ+5/378xsMPp9V/6+238f577wEAHn30UXzqk5/MReUkfvrBB6vanxbZIkXeI1rC6GbGNzpGCMHb75xMTkPfPXkSFy+cR2dHJwCgt68XgcmppPzb75zMy0Cr3V8usEJIxhTNDHok0Az2gcmpNKOkgrObE58NiXqp96nM+lth6NqT+swYhpmllaUZR3DLq55+8qlkJm6GUpbFFx49kvet/qeffIpKrpRlqWVpkbRL/Bx07Umdh1w49YuXFVk+mlpu5RZKqkxqPkIIQTAUwokTJ5IJmxYdnZ145JFHsKVuW0GmvTcnJ6n6q62pyTjPfJAgpJQrw/bWPS0AhnP+pK3/3Jl/EmKxtDcnsiWIiX3az9jC4TAGh4YwMx0GAFR7vGhtaYHf76c6YasIBoPx/mbjF2t1VdWK9ZcaNcrKedQ1NVcAEHJODDm74ypiMUsKWE0OvV4vDq+Q8fXg9/tXjGwzsDZbCPH1vDJA5YsEgMPhGM4oT2E9sU0ISVu7ykjGKCfZiAmk9pwYmy3DlglQ3+11Vrh6jO720iq1ks/eCSGQlfjExc5x6/o5v93u6DE6Rh2y7E4+yMSXk9hGVeGWFxhNfcmtJJJBJlk05IXDYYSnpxEMBiHMzUHVXIUsw4CvqIDf74fX44HX6zVoaWWhFwHKHM5fGclTE+JwOsGw7IdEVY9oO9COFUYGtuIlerKqqmLkyhXcGBuDtGC++JtKCCLRKCLRKIYvX4ajrAz1DQ1o3r171bxHL/wyDAPO7vjQqA59YsgwcLkqfxaZCR/JLpzUKOklRsQZeYlWbnxiAv39/VDid0otQ1pYwPDlyxgdHUV7ezsa6utzaocWemQQQuCocAUADBnVs3SpuL2ed7J1nja4m8jSDPBA/EZf99mzuHDxYlYyWIYBm+XqVxYXceHiRZw+cyY55hQaRmQAgLPC9S5MluGwtLSGIku4cOp/ewF0aGUMc5L4BnVekloeEwR81N1tGJ58Xi/q6upQWVUF3ulM88CYICAWjWJiYgKhcFi3vqOsDAfuvhsunqcxAxXMyACAHe17v8By3GuJ/bzXOuk7e+qvREH4Bz05s0Qxsa1HRvJYSluCKOLM6dO6XtG8eze21deDd1I9EYCsKBi9dg3Dly9nHONsNtxz8GBBSMlGhs3uiG1v3VMLQEqU5bXWCQHgq93yQ1hY+cYoLzELXbKi4KPu7gwy+PJyHL73XjTv3k1NBgBwLIvm3btx3333gS8vTzumLC6i+/TpvMNXNjIIAFe15z+RQoYeLBHCAPDU1l0H8H42pTIUJMSUjMR/AqC3pycjTPm8Xhw+dAgul8vyLCnhmS6ex+FDh+DTTIGlhQX83/ncV4alIQMAXNXel7LqarVzluNQ7a95gUZWb4A3GvTJLcICk5MZMd/n9eLO/fvTxohcM3qWZXHgrrsySJkKBnFzUvftTkMY6aElgxCC8grXr0pZ9lS2NnOakNc27PhvAINGShqWmxCUwMjISNo+X16Orn37DB9w5UIMwzC4c//+tPDFMExG30Yw61ePDACortn6PJVuVBpowLvcy67KysyPPvWU0m5n8Rbtu1F7OzvBJnIWk/6sEpN4DywVNpvNtE62fozIcDjLBxw8r/vqqBY5p6zbdrX8GMAlKuUsjCftbW2odLvhKCvDr91xB3iXKy1PoSGGlpzKysp4H+XlqHS7sacjYzZP1WbqcYJ0Mggh8G/b/nUAVG9v57XE33DPhQcj4aBusggYvxBnlJ9kq6O9eqwM7lZu2dAiYxxE5oXIu9ynG5rbDsJgZlrQJf4adu16FwzzX0bHjW6tJ8sNPMVooExcfWlllAZMvdLN/qy0ldyHPhkASO2OnX8MC2lCXoRwTh4NO3Z8DcCckYxVUswIShoO+sTkOvOigV4fqUTo6eur2/YCx9k/stJPXoQwAGobGm84ef64mRwtKUbjit62HjFpxwpAjlFbekRodeQ4+7CvZuszVvssyDKxkiDg0rkzrxFCTL9soRlTdMtNttPkTbXMH0Y3QbWkMAyz2NjecY/dyZ/L1uaKLBPr4Hlsb2l9CoDpRN7MU/TyFKNQoHdlEkKgpnhNIYJXaluqXsgy0GlLw47jNGTooWALKRMANwYv7Zm6OXEK8R/sMoTZ5whG3mK2rbefrTwbaBI/7T4hBB6f/6W6pmbqleRWdmVrQjDYc/6B2MzMWwBMs6xCkKK3b1SWD4xmfdr9Cpf7vZ2tex4Gw1DfqVzxpcaXVBUD58/+tigIP0C2ZSSyGNeMGO2+GQlWCaLOxlO27Xbn2aaOvQ+UsmzUSl+rsva7qijoP3/2S7Iofg8WSdGWpR2nIMasLBfQeIfd7vyosb3jAZbjIlbbX83F+DF44dxRURC+jyzhC7DgLfEd6no0fdFMkY3GDqfT+WFj+96HWI6z5BkJrPbPVeBy34VPxWZmXgfgziZPc6UbEWNU36zcCLQDupN3vdrU3vFEKcvm/HXPqv+gCyEEN4YHWqduTrwOIOtntFaMakaOWVu00CUmXrZc7a/5esOulufAMHn9/NCa/QZVaHK84vrQ4L8RQo7RyOdMzMeF1hQ0gpYUhgnW7Wz8Pd+WbScL0fya/iiYJAi40t9zVBSEbwOopqmTy+xppaa9did/Ymdr++87eD5YqLbX/GfzQAgCY1f9Y6Oj/wpCjmavEEc2I9OSYCRnOrAzzM26hu3Hfdu2v1JosteekFuQRQFjIyP3RMLB5wF8grZeLrOoPDDvqvb8c8Ou5m9ydsd8dnHrWDeEJCDEohgfGXooFok8A+BuK3VzNTzFtHfOVVn94tbGpm/yLrf+W3YFwrojJAEhFkVgbPTgTHDqawAeB1BmpX6BvGLI46/5rm9bw0u8y51TXmEV65aQBFRFwXRgoioUmPxNURCOADiMHD7ftkDQhJPn3/DUbvmhx7/lDMtxVrvKC+uekFQosoTZcNAVDU9/OhaLHCaqehDAXlj0Hg0mWJbt5iurf+murvpJldffw9kLtuqtZdxWhKSBEEiiCFkUWHEu1ixJ0i5FlhoVRalVFMUDQqqQ4kkMwwgsx81yHDfF2R03HA7HNWeF65LdyU87nM7C5Sl54vYlZINCS0gRRRRRRBFFFFFEEUVsAvw/sJri7aQrck8AAAAASUVORK5CYII="
        />
        <div
          class="effect"
        />
      </div>
      <span
        class="feedback-label"
      >
        sucks
      </span>
    </div>
    <div
      class="reaction"
    >
      <div
        class="vue-reaction"
      >
        <img
          src="data:image/png;base64,iVBORw0KGgoAAAANSUhEUgAAAGQAAABkCAYAAABw4pVUAAAACXBIWXMAAAABAAAAAQBPJcTWAAAAJHpUWHRDcmVhdG9yAAAImXNMyU9KVXBMK0ktUnBNS0tNLikGAEF6Bs5qehXFAAAReUlEQVR4nO1dW2wc13n+zuzM7M7sckkuuSRFihQpWRQVS7YAO7Ibu/VFdRq79kPqoAgCu4CRF6ctnCYtChRFi6ZoGyBA4Ac7eXDRpn1yEBmwe0ET1XaaVpYNybVVWZRpibIsUheS4m3J3Z37nNMH7tDD4dz2Iooi9wMWWs75z/n/83/zn/9cZkdAE0000UQTTTTRRBNNbHmQsELG2EbZsQ6E+JvGGEsB6ATQBSAHQAbAVYoNAMsA5gBMA1gmhFCfNm6CxfER1DdgkxHiNpQxxgHotgzjXkNXD2uqesjUtf2WofdZppWitg1GbcBtIyHgEjwSggCe56mQTBYEMXlRSKXOiinpA54X3gNwgRCiuPRsYA8dMzcxIR4SUrZp3qWWi0+Vl5cfV8ulOy1DT7mdTggJ7ZC3bUeWcAkkRAEpSZ6SMtnjqXTm3xI8/0tCyHWX/kZ1K9KuwLKwijfTQMcoxhixLWtPcWnxa6XC4tfVculOats8IQTEZWAcIqohKyEISKUz83K29S0p3fJPXCLxDiGkVLGp5n7FwaYixEWEoJXL9xQX558vLi0+aeh6h1POVchw/g7tQBUkBIFPJmmmrf1MurX9FUFMvk4ImanYWFe7Qdg0hBBCwBjj1FLp3qX52W8XlxafNA0j6zi1GjIaQYQXvChCbm0bzbS2/UhMya8RQuaAm+OHwLKwio0yxDFAV5U9CzPTf1BcKjxjGnreKauGjJtBhBcrEZM7mWnL/YAXhF8QQrRGknJLCSGEwGZMnp+6+tWl+fk/1ZTyXW4S4pKxEUR4kZTTpUx7x09bWtt+SBKJT4DG+SSwLKxiPcodpWq5uGf26pU/LpeKz1qWlbldyHCQEATI2bYzLbmO74vJ1BuEEL1eUjackEpUcEs3Zh5ZmJ35S7Vc+g3n+u1EhhtSpmUhk+v4cTrb9hIh5EYjblbfsrCKtSglhIDZdnJq4tI3lpcKf6ap6l6O48Bx3G1LhgNBks10W9urbe2df0cSifP13LBB4Gs1LkiRZZotly988rxSLn3XMo0eh4ioepudDAAwVUUo2dazzLI6bdv+HiHkVKNnYA0jhBACU9dbPzt/7gVNUb5jW1b76io5ZKi6XchwYBkGKRUWn6CUJS3T/B4h5HgjSWkIIRUyspfPn3tBU9Xv2Lbd7na+I3O7k+HANk0oy4UjANBoUuompDJMyZc+GX1eV9VvW6bZTnzyRdy2NjsZDhxSGGDYtq03aviqmxBm2/z4x6PP6Ir6h5ZpdhCfnBEnOm4nMhzYpgmtuPSVAliBreSUmhO9Ay5aJBiEEExePP+kqSrfMnWt36/8dnNytbAMg6iK8rWF+RvfYox11dvfmgkhhODG9Sv3lorL39Q19RDhOMCTL9zft1p0uGGqimCWy8+WCgu/xxhL1tNWTYQQQqAUi/mZq1ee0RTlK+7rXiK2C9RSMacsLz1jaOrj9fS7JkKYbXOXz597mprm7xKAj7rbt3J0uKGryt1L83NfZ7Y9UmufqiaEEIKZqxO/Rhl72rSsHZWLq8OVI1PtDGsrwDZNWLr224X5uacrZ/9Vo2pCdFXJzly79pSuKA+5XR3mfPfJ35rrW5AwXSlnDLX8lGUYD9fSt6oIWZlVXTgCgscZY4JfedhCbysS4AdD175YmLvxBGOss9q6VRFSXCrklWLxiKnrd0UNSdvF+X6wdJ2jlvGoppSqjpLYhBBCcPXS+COM0Uc8Bb75I057W5kwQ9PuLC0uPMoY666mXmxCikuFnK4oD5iG8QVvWZz8sdUJ8MIyDFDb/pKhqV+qpt+xCCGEYPbq5H2E4+6vZmNgu5HghaFrB5fmZ+9njGXi1olFiKnr/OLc7D2Gpt0d5N7tmLyjsJJLrHtsyzoUt04sQuanr43wyeQhBtS1LeBgOxHGKD1UKiwcitvfSEIIIZi/MXMXtayD28OFjYVp6B26qhxkjPXGkY8kRFcVUSmVR0zD2OO+vp3u8npgmyZA6X7LMEbiyEcSsjh3Y0hIinsBJICNf5pwK4BSure8XNgbxzehhBBCsDQ3v5tROtQw67YhLMvsMTR1N2NMjpKNPDFcXi4MMEoHGmPaCqamp/HmW2/h7OhZHDxwEF9+7DHs6OlZU/6fb74ZWF6LvrD2Gq3PC9u0YIu0H0A/gPNhsqERohSLPKO0j1HaOOsAnB09i9Mffgi1VMbpDz/E2dGzVZVvdn1eMGqDgO00DK0vSjaUEE0pdQmC2A3XZi1jLPABurAyN2zLhm1ZAADTMFBYLKBULgMASuUyCosFmIZRkbVgW3Zkm5tJnx8Ypd16uRx5Y4cOWUpxOQ9CuhjWb587jq8liadlCXJaRqlYAgCMjY0hn89jZP9+nP/kE4yNja3KymkZaVmqWset1OcHxliXZZr5KH+FEqKqajsYa2vovIkQ9O7sR19vH86fXxlOb8zM4LWjR33F+3r70Nu3sy6VvX07N1SfH2zbyhqa1s4Y44jPD1EdhA5ZhqZmGbVbG2oZYxjctQsHDh5ApiV8iyfTksGBgwcwODhYl8rBwcEN1ecHRinHKM0CCDUinBDDyNiUpmMpdOWPqFyS4Dgc/uJhPPzQQ4FOyrRk8PBDD+G+w/eBTyTimBAIPpHAfYfv2zB9fqA2BWU0jQhCQocsyzBSjLGaB1TGGBj880w6ncZjX/4tDO25A++eeAfj4+MolxWk0zKGh4fxwAMPYvfu3Q1zzkbr84JRG4RSCUDoWXsoIZRSEYAYqSwkwbPKBz4yfCKBkeFhjAwPR6loCDZanxuVmzPSn7EPqAKHIcbW/Hg/7tQ3rtxWQDV9renZXm/jvpFRx7R4OyMqQmjlEwt+d0I1yX7rg0X6M5QQjuM0QogaS1XYCr7yqabOVsFqHwkBZVABaGHyoYTwoqgQjlslJPBuD8gj28HhccFxCRDCqQCUULmwQlEUSxzHlcJkvE4PGrZoZQocR36rwN03LsGB40gJQKg/wwlJSYuE4xZrMWArO7oWEI7TuERiEfUMWZIkLRBgwX3Nz+mMMTBKV4etIJntFCXePhHCLXCCsBBSBUAEIXJLdsay6UytrtqKjq4VHMfNpFLSTJRc6Dok171j+eTbx6bISiKKPH6EEyme3xm6SaEAOELWrdzjrlsURcHc/DxmZ2exuLgITdNAGQNHCFKpFNrb29HV1YXOjg5IUuO30eMgYASYSkryVFTdyIUhx/NXGKWTjNLVpybczgtaJMZZPHoRRkqxVMJnn32G61NT0HUdjLE1D1VQxqCoKsqKgitXryKZTKKvtxdDQ0NoycR+cLBu+I0KhBBQ254UU9KVqPqhQxZjDNls2wTP8xNVWARG6bppb5xc4tchy7ZxeWICp06dwuWJCRiGsfKLrIA3RDhlpmmuqWfZjT8F9CKoPxwvaBzPTwK4EdVG5F5Wa2fHRcbYxTDlUesOb3lcUnTDwPj4OMbGxlBWQqfvgSgrCsbGxjA+Pg69ckx7MxDWD57nP5VbshcRY9cjcsjq6R+cPfn2sXEAiwDaY1q3mkschA1ZfkMVYwzXrl3DxOQkzMp5uHM9LcvYsWMHOvN5pNNp8DwPy7JQLpcxNzuL6enpNQSaloWJyUmkUikM3YzDp4hIJ4RcaGnLXYjTVqzNRTmTGdU17ZxtWQ96lVYU+o6bYeXA5wmewJ8UwzBguO5qURSxa2AAQ4ODSCaTa/OIKCItSch3dGD30BAuT0xgYnJytb63rUYhigyO5y3K2DleFEMf/3EQa/s937PjI0LImaqM9FmXhA1dfp3LZrPIZrMAgLQs4wsjI9g3PIxUKuWbR5xrkiRhZN8+3Ll/P9KyvK6tRiFyMxUALybPZ9raP0LEgtBBZIRU7sLZk28fOw3gKoCd3nJgfURUCtcNXX4IipSe7m60ZrNQVRWSJEGW5djb+YQQ9Pf3o6OjA4qiQJZlyHL0zD0u4pBROZg7nc11fhi33VgRwhhDrqv7fUEUT8U1NE7SjxMpkiQhl8tBkqSaFpqyLKOzs7NhZDDGQCuzSO91NxmUMfCCMJ/g+fcTPH8pbvuxTwx7BgZHLdN8FyvvVg80Zt31ytDlR5D7e9Tw5W7TzyE3G2F6/chgjCHBC+/lunvfhf/pgy9iE5LJttKW1tbjvCC8E2RwoMND8on3WhxSnLKNICZKTxAZvCAsE0KOS5lM7NwLVPmz6J137PvAtqz/ArAUaZzXmWz9gjGMFFrpYByHUEobSk6cNt12MVSOVl194AXxeL63/5cAzGp0V0VIJttqt3bkj/GC+FYc+XWOr4YUStdFS5TT3Y6shqBq6nntcKKCuvrFC+JsIpE4JmUysZO5g6pfrTFwxx2jlm39HIT47suEJe4wUmjAdos7WlavxXS219FBn2raWkMEPo8Kd18TfOJY967B/0AVzyM4qJoQKd3CBgYH/5Xn+TcA+G4QVUuKlwzvNSda/Ii5mXnET4ebCK+NjDGk0umPWtpzr4ti6tNadFZNCGMMO4b2zorJ5NEEz/8qTC4OKX5kBE0O/IhZU9YAcoLa8iPCa2MiwZcIJa/lu3t/Uav+mp/LUkulEx9/cPJVQshexpjvL6wcQwO35B25gLrues4WieOA1XetuNpxZBsZMc4CL+gGc74DAC+Kb+wYGnwVHFfbTijqeMWflMnQgeF9R7lE4p8BlIPkwiKFUrpuneI3XHm/O+1QSmFTCrsSNd7IqQWrkQDAZgy2d8gKGqrk9P/k8l0/ScmZdTvj1aCul2B29fYvd3Z1/4MgCD9FSAKLursYpUCFnCgyfMd11zUvQdV83AQEte9nj5hMjqck6e/bu3p+VY8/gTpfE1sZOibGTr//EisWc5ZpfjVMFvA/sl397shW/vXbMfYbvpxyd9uNyCXeNvxuLEEQp5NJ6eW+wT1HUcOsyov639u74qAzZ0+e+CFjrMW2rN8MkwWCSVnj7Mon6MzdLev87XZWtb+ZDyMxaKLB88KimEy9vPOO4Z+A4/TYykLQkFeNV5xz4sx7x/8ajHG2bT8aJgtgnSPddz1QiRbG1hDjJc7dntNmI6IkTnTwvLCYkuQXB/bueznB88WaFPkg9BaqtkOEEJw9eeIBXdP+KixS3PLe84zAv10vSouqF0dXHMKCcp8gCPOSLL84sHf/S7worttsjUKYrQ0lxFE2dvr9u5Vi8S8qOSXybRFeA+MSE1Q/7HoQgghaFxmCeEVKZ34wODzyjwmer2l6u6GEOAovj43uWpid/RPTNJ4DEPo7xWqcGkZOWFtx4UsMW1nIJlPS/2Xa2v6mf/fefwHHWf4tRGPDCXEwO3U1e+3Sp8+ZhvHdoMXjGmNqJebzi+sIqgkVAlztWql0+t87unv+Nr9j5//W2/wtIwQA1FKJuzR29kFNVf/ctqwjqLxVKAy1vHGo3sjwwokUnhem5Jbsj/qG9rwiZTKzjWj7lhLiGDD12Xh+6vr1b5q6/vtgbN3/pBBUL9T4mCQEyYUmdkJMKZ1+qyPf9f3OvoETHMfVvcZw2xNYFlaxkXtCAKApJTJ58eKB8nLhj0zDeBpArJcS1DKLqgdCMnmmpa39xd5dQ6+LKanqWVQUNg0hDkrLS4lrl8YPl4vFFyzTfAJA7OdzanV8nGmvKCY/bmnP/Tjft/NnmWxrQ4anIFsCy8Iq3ixCHJSWl7iZKxN3FQuLzxm6/jvwPGIUhQZFhZ5MSSfbOjpfae/u+Xkm2xr5G456sWkJWTWCEExPXMoXFuaPlIvFb1im+SDiPrbqaScmQTYvCBcyra1vtOY6ftbe2T3Ki2LN09hqsekJcYMQgukrl/PlpeX7i8tLRwxd+/XKTyHqebCKcRw3lZSkU5nW9v/OZLNvt+Y6zosp6eY9fR2C24oQNxzDF2amsrqq7NVUdb+uqnsMQ+83DKPLtqwcVt5jyFXkjQTPLwuiOCcmk9eTKWlCkuULSSl9LinJ1+WWFutW96li5602oYkmmmiiiSaaaKKJJppoYhX/D/7Vc4tX6WRQAAAAAElFTkSuQmCC"
        />
        <div
          class="effect"
        />
      </div>
      <span
        class="feedback-label"
      >
        not good
      </span>
    </div>
    <div
      class="reaction"
    >
      <div
        class="vue-reaction"
      >
        <img
          src="data:image/png;base64,iVBORw0KGgoAAAANSUhEUgAAAGQAAABkCAYAAABw4pVUAAAACXBIWXMAAAABAAAAAQBPJcTWAAAAJHpUWHRDcmVhdG9yAAAImXNMyU9KVXBMK0ktUnBNS0tNLikGAEF6Bs5qehXFAAAP2ElEQVR4nO1da4zc1nU+h+SQQ85jR7Pap1ZarV6WI7fWKq5roYpjFLXrBumPokDRh5uqSYogCRoUBZKmTVI3cIMARfpI4aBO0CJG0KJygCJt6hpJixiNWkGRFVutZVW2rNeuVtK+ZjUPDt+Xtz92uOJySc7lzOx7PmChmXvPvefwfHPOfZC8Auiiiy666KKLLrrooostD2QRopSuth2RQAw3kVIqAEARAAYa/+YBgG9UEwCoAUAJAGYAoISIJKSPVbCYHWHXtiEJ8RtKKUUAyBHiHLUN47hpaOOmYRxxTHPUtu2cSxygrgvguv4OADkOeCEFQipFBVHURCl9QxDFtyRFuZBKSecA4AIiVn161vAKPTM3MCEBEgTiOKOWof9ivVr5gK7WHjMNPed3OiJGRk9Y30uyiMCnRJDkdE3O5F+Tc/mXhVTqFUS84tPfoatqbteKMpaGq2mgZxSlFInjFA29/sHqQulDWq12wrEtEREBfYayEJGILI4HSclomZ6e80qu50VeEL6LiAsNm1q+LibdG4kQHxGcqWmjer32kcrC/G/p9fqIV881yPC+xzk5CQlR4HiBKj09d3p6+15MSelvIuK1ho1t9RuFDUMIIgKlFI16fUSrVT9eLs1+xND1fs+pScjoBBFBcDwPci43m+/t+6YkZ76GiLcAVscPK8pYGnbKEM8AU9eKaqX8q5XS/Gd0rT7q1SUhYzWICKIRMZOFnQN/JYji3yKi2klS1pUQRARCaao8N3NMLd97rnpv4Uk/CaxkrAURQfAp0cr37vxRT3Hn55Dn/xugcz5ZUcbSsB3lnlK9XitWSvPPVErzf2xZVu9mIWNJN8dDOpud3tE/+LyYlv8SEbV2SVlzQhpRgdW52X1qtfJsuTT3m175ZiLDD0EU9UL/4PeyheLvI+LNTvxYl5WxNGxFKSICJYSfvT35iFqrfrVWqfw0x3HAcdymJcMDn0oRpVC80Ns38HvI82fa+cGuKGNpmFQhIoJj29L0rYkn1Gr5eVPXD4RFRZCQzUCGh8ZM7Erv8J7P8jz/nVZ/tEEInTAuqMQ2Ten2zWtPqZXyC7ZlDXuKtwoZAAAuIaBVa4cImfhzx7YVRPyHTgz0HSXEI+POzWtPqtXK123bHvI735PZ7GR4oC4Bs66Ozd2+9Zxj29AJUrgO2ealqdTUjauPq7Xq31imOeSVB0lh6Wujk+HhPimTzxJCfqnt3YIO2QWUEG7iytvjer3+F5ZhjGBj8PaDJTo2ExkeqEvA0uoH529P/Akl5Gfasb8jhCAiTF595xBxrC8adfWhsPrN5uSkcAkBU9OOzM9Of5lSurfV622bEESE2Tu3hh3H+R21UnkaOQ4gMF74P2+16PCD2DZvVMuP1O6VvkwpVVrpoy1CEBG0Wk2plEo/Wy7Nf9JfHiRiu8CxLLkyN/uEZeifauW62yKEEoIT715+yKirX0AAqdmvfStHhx/EcQYXpu/8BiXkRNJrapkQRISZqYndKVH8sGmahxqFS+nKk0k6w9oKoC4B2zQP3Zuf+zSlNJukbcuEmLomlUulRyql0km/q5s5P6xmKxJGbEuslxeOOZZ1Msm1tUTI4qzqyj7iuh+jlEph9VHpKqp+K8IlZNfC7N1fp5TuYW3TEiG1SjlDCHlUV2tPNktJ28X5YXCJg5ZW329oKnOUJCYEEWHq+rt7bcv8bfBnoIjxg6W/rUyYS0h/ZX72g5TS/SzyiQmpVcoyUHjYqNcfD9axjB9bnYAgXELAMcw9lqH/Cst1JyIEEWFuanKEUvrLlHHr3mvHbSMSgiCE9JfnZn6BUlpsJpuIENs0ucq9e7vr1crPR7l3Oy8Ko7A4lmi7iOM83Uw2ESGl6ds7lWz2CQqQad28+9hmhA2q5YWnm10vMyGICKXZmQFT135u27iwgyCEKFqt+h5K6aE4OWZCTF3jLdMcNnT9p/zl2+xX3jKoS4DY1k7Hst4XJ8dMyL352R1yJvteaNxl7K49WgCF3nq1/Ficb5gIQUSozJcKtmm9t2PGbUO4rps1de0wpTQfJcMcIdVquUc3tJ/ojGnbE65LwDLNAgCsuInngYkQrVbjOMQiJYRptdlFBCgFcEnOsowHo0SYCDE0NaNks2N+eUpp5PNacXXbHpRmzXo98ofNGCHVDKWwN8zFXecnAwXIOLY9FjWwMz2Xpet62iVkaLXmTaZpwv9dvgyvvvoqTExMgKIocOzYMXji/e+H/v7+VdK6PnqpSyXL0PsppTyGvIjKRIhl6BJx7I5bSCkFwzDgjQsX4NSpU+CSRftq1Sqc/uEPYXJyEk6ePAm9xWLHp9GmacKPX399zfU2Xt2TYfHN4blgPVPKsixLdBxnB6PCpRTGks5KCwtw9uzZJaf4+5mdmYEzZ86syppmbn5+XfRS6gIhRASAUH8yRYhjWQKlNNe6ERRcAOBDLlCr12FiYiK0naZpMBlR1y4MXV8XvUApAHEEAAj1JxMhruvyACA317UYDVG/LOoZFCOzHeC6NNKfiW9QRaYhSpecHSsXgJLJwOjoaHidosCe0dFVmcUpirIuel3/AQchaO+5rIbT21mT9BaLcPz4ceB4flk5IkJffz8cf+yxVYmmYrEIJ06cWHO9zcD6OgKFxfND2IRD0pJ/HPHXS5IEx8bHQVGUNZ1+ptNpGD96FCRJWvPpNsT4k4kQjuMcSmmNJYRZxpFgjSRJcPThh2H86FEWczoGSZJg/OjRNdPrui4AIlAEBxYPx1kBppQliKLNC8Kyg1pCp7YR40h3NX8fiAg8L9gAUA2rZyJEFEVLEISFOJmg08NIoJSCSylQRvmtBG8wR0TgBcECgFB/MqUsMS0brkvvsCr3p61mKWy7AREdXhDKAKCG1TNFiCzLOs9xt/1lYWmLUrp4dlVIOvPLbLcoWT7VRZ1LpW5HyTIRouTyqk2c6626aqs6uhUggppOy9ei6pkIKQ4MmUa9fgcBykxaG5ESNoZstygJLgRd11UlWXk3Sp55YcgJQgV5/i1/WWTaanOmtVVIiViVV8S0fDGqDRMhlFLI5wvltJR+k9kaX5QkHUsgomwzIZQMRCeVlqcB4EZUO+aDA3p29i7M3bnzGgB8wl8eNqO6r3/5zCrMwS7A4nO/vn4sy4JbU1Nw9epVsB2H1cTE4BChUCjAg4cPQ29vb8f6DSPDdV3gU6l7Si7/Y1i87HCbWJUM7t6raWrtbQC4y2xZRJREiy/K1Ov1VScDAMClFMrlMly7fr1zfUaQ0UApVyiejWufaHNRyWbnREl6NVjebCyJq/enLq++2Y7oRkUcGchxLi+k7giieCauj0SE9A0OTQup1H+wyketS5qRkslkYGxsDFJCx8/GWQYvZe3ft6/tvppEBiDPl3I7iqcBoB7XD/MVU0oBEbVzP/j+RQC4BABHgvUAEatzjxgunn9vPBFFEQ7s3w8HDxzYFIfSNCPDBQCk9G6+uPOVZn0lihBKKRT7B27Lmew/s8jGzbCipsbB9BW6HxayxlkPuK7LRgZyelpW3uQF4fVmfSa+QTW4Z++saejfA4DZYF3UwO1PXSxjSzNSvPL1IiaKCK9u6XPjO3J4qzgw/G2ImV15SExINt9Ds7ncjbQs/2NYfazDY8aTYBkLKV7dWhETR4RXv/S58Z3jeDMlShflbPbfWXS0dAt35MADd23b/icIiRKAJo8ChUyF40hxAZYWj3GO9+o7TY7XZzMivHoX7pMBAAAIE/279nwLAEwWfS0Rks33uLlC8Z20kvkGi/wKxychxXVDp8VxTveTk5Qgf7tm0++gjBsoQ0QtLSs/krPZf2PV3/JDDg88PD5rmsZ3APFSWH3cwB1HiuuGb7f4o2WpjNHZQYLi/lgQSgQEUtbi7dqrg3vHnocEzyO09dTJ7tHRdxRF+TMACF1SJyUlSEawzIuWMGJWexwJI81PxFLKanwWUqmZ4sDgS6KYPp9ET8uEUEphaOxgHRD/U5SkF+PkWEgJIyNqchBGzLK6DpETFTlhRHjyAACInMVzwrm+geHnk+psaylMKQVdVW9dfuO1FxDxUUrpT0bJLRqKy7578JZ5Ua87+Nt5C0OPpKWzVmD50yxxM7NW4bk+5B7HMr28wL29a//+PwWOC32QIQ5tH/EnZ7N098FDb6UV5QsAcC9KLi5SXNddsU4JS1fBz14/rusCcV0gjagJRk6rcH1/TljKCklVvCBM9A+PfDWtZBOlKg8dOQSzf3i3me8pnFYy2WchYjwBiL87uLROaZDTjIyw9OQvCxKU9M9PQBgJQSIAADiOW8jle17a0T/4Yqu+7MjuXSN1lC9fOP9tyZWHTF3/wzhZgJXpa9kemCfb+De4PxZMV35i/XtdnUpbzbZHGnpVJZP97q6xA18EhhV5FDq2ndpw0MzFc2deECWpaJnmx+JkAaJJWebsxl+YrE9vJAmtbEYyr8bvR4YuSvL3dx88/GngOC2RsgA6fhg/IsL/nv2vUeI4n7ct66PNZON2c5fVN87jYjk8s5M7ws2ig+M4Q0orr4wdfs/HBVEM3bmIQpiNq/a/I1w8d2aPY9t/FBcpfvk4J4cRw9KORRdA81cEwmQW96k4XVaUl8cOP/RJQRRXvJ7WDGtGiKfs8oXzA6au/66p638ATdIjyy89ipio9nHlcWDZyeU4viJnsqf2PXjkM/7nnpNgTQnxFN68/FahVq38mqaqX4KI9+r88qxOjSMnrq8kCCVmcWo73dO786/37D/0FeA4u9X+15wQD3N3p6TZqanHNbX2lajF4zKjWiXmfuEKglrGclJcXhQvDe7e87m+oZF/bbfrdSMEAEBXVbzxzqW9lmF81jLNDwPDDK+VE4dW4xZv475GLZ3J/svowQc+L2ezHXkjdF0J8Qy4e+PdzML8/FNqrfYcUHqkeSuGwzUZSYiTixnYXUEU3x4Y3vWlvpHRlziOY965ZbFnRRlLw07vCSEiXHnzfwYMrf5Rva5+CgCY3h9rdRbVKjien87vKH59ZN+B58W0PN+RTn3YMIR4UKsVbnrixm5NrX3C0PWTwEgMQOuOZ5n28jw/mysUvzU4uvdr2XzPzcRKEtiyooyl4WreZwAAUKsVnLs9NVRXq89otdqHIPCIUTN0KCocXhCuF3f2/V3v8MjfZ/M9zC8otYoNS4gHRITpietKvVZ7tFopP2MZxgcAYKiVfhgJohzHzWZy+Zd39PefKvYNnhZE0UpseIvY8IT4gYgwfeumYmr6eK1SeUrT1PdRQsYBoNBGtxQRqylRfCNbKJ7OF3p+UOjtOy+mZaNTdifBpiLED8/whZm7km2ZY4amHTEM/YBlGKOWZQ04tl2ExXMMvVMACM/zNUEUS6IkTUtpeVKW5avpTO5SWslcV3I5a72vCaD73mUXXXTRRRdddNFFF110sTHw/5FIom+0jhkVAAAAAElFTkSuQmCC"
        />
        <div
          class="effect"
        />
      </div>
      <span
        class="feedback-label"
      >
        average
      </span>
    </div>
    <div
      class="reaction"
    >
      <div
        class="vue-reaction"
      >
        <img
          src="data:image/png;base64,iVBORw0KGgoAAAANSUhEUgAAAGQAAABkCAYAAABw4pVUAAAACXBIWXMAAAABAAAAAQBPJcTWAAAAJHpUWHRDcmVhdG9yAAAImXNMyU9KVXBMK0ktUnBNS0tNLikGAEF6Bs5qehXFAAAV8UlEQVR4nO1daY8cx3l+qqq7Z3rOnZ09uBK1K+2KpHVAkCzHtmQRghElcQJBQQAndgIbERzJyvED8jHIx/yAIHF8wBeCwDEiOMgFxYbtKDIRm6RoSaZEUqS4PPaa3Z17eqa6jnyYY3t7e3p6ZpYritoHaExPTR1vvU+9b53dAxziEIc4xCEOcYhDHOIQdzxI2I9a64OSY1jYAHIAMp3L8vzGAVQ6VxGAc+DSRQAhwao3DliOYcEAHBEuf4A3nY+0ms4ibzbnBed5KaWtlTKhlQEN2ktBoAilgjLDZYbhmJa1ZVqxa2Y8fsWK2+8Yhvk2gDUA8v2qVBhuRwtJStd9yKnXPlWvlj/WajTuk0JMECANIKW1TgDaBEC01kCQjISAEAJCqKaUuoSSBoAaCK0yg5WsWPw9O5U5HU8kX2Om+SsA9YOtYn8LuV0IMaQQS7VK6TdqpeLTraZzXCs9BeicVioOpQiAjpJDRQ6P0/5NU0qbIKRIKdu07MTFRDrz03gy9d/MMC4DEPtduX5yBoaHJToAQuxmo/HRWnH792rV8pPC5fdopae0VnHiEW4QEVGI6puOsiahZJMZ5nU7nflZKjvxL2Ys/jpucd9zuxFiNev1x8vbm39Yr5RPCuHOa6UmtNaUEAJKSCQyRiUiMC9KFaWsxEzjWjyZ+p9kduKfYnbyDNqDhH3H7UII4U3nI6XNjT+qVSq/LThfklJmAU26yo1Cxn4SEZC3poyVmWldttOZ/0xPTP6jYVnvANhXZbz/hCiV2yqsPVspFr/QchqPaaXyXYuISsatJMKPtsXQLTNuv57IZL+bmZj8N1Ba3Lf83y9CCCFw6tWHttdX/6RerT7nuu5RrVTMS8TtRoYXlNIWM60bsWTqXzOT+a/H7MSv9ksvgeFhicYtWAFWZXPjmfL21p82atVPKSlzbVk+GGR4yteEsmIskXgtmc39fWoi90OM2bcc/MRQqezmzWufrZTLLzWdxsNaKZtSig8aGQCgtSZaislWvf6MUuqI67bmcvmZ74PS8n6XdUssRAoxu3rtvS82qpUXeau1qLU2/ET4CbldyfCDUCoMy7oST6a+mpu96zuU0vWR8jkolyU4n7u5fOWFerXygnDdo+gOZUOs44NCRheEEMUs60Yskfra5Ozc15hhrI6QR3B4WKJhCRGcz928evnFerXyonDdu+HrL7ykfFDJ6IIQoplp3YwlU1+dnJ376rCk9KsfDQwdAVKIqZtXLz9fr5RfdFutu7XWxG8RUQW93ckA2v2KdPndrXrtxe31leeVUlP7ke/+EKJU6saVdz9Xr1ZfcDm/G4SQfq0+zDo+KGR00SWFNxovbK/e+ByUSo2b534QYtx87/KzTr36Zd50FrTWuzT6QVPysNBaE8FbC7zV/PJWYf1ZjDlyHZuQwtrNpxr12pdajcYDABg6yvcScSdahxdaa+Y2mw+4TuNL1eLWU+PkNRYhTq12f3lz8/P1WvVJpZQJBBPxYYBWyuSN+pONcunzvOncP2o+oxOiVHJ1+cpzTr32nJYyOai136nW4YVSKslbredKhY3noFRylDxGJmTj5vWTrss/63I+CwAgBAhQ8p2i7KhQwp2VLv9saatwcpT0IxHCm858ubj9rFOvPwqte3mEKd+74bQr/A4jTGtNedN5tFmrPis4nx82/SiE0JXl9z7dajY/I4Ww/T8OmujdaQQEQStlSyE+UyqsfxpD6nhoQmqV8vGW4zzjtpoLg1zSh0H5/SBcvuDy5jPNRu34MOmGJYSuXV8+yVvNp5VSO+PtPv3HINzJhGmlDCnE09XtzZMYQs9DEVKrlJfcVusp3mrd5f8tSv9xJxMQBMn5XYK7T/GmsxQ1zVCEbK+tfFxK8YRSikVN82EjwQutNVNSPlHeKnw8aprIhAjOp+vVyse44yz0U++HrfOOAsH5gus4H5NCTEeJH5mQYmHtIaXxmFTKGhx7MD4shGmtLBA8Vq+UHooSPyohtLhZeES6/OE7X4X7Dynkw41K+RFE0HckQnjTOeJy/iDnPOcN/7C08nGhhJtTQjwoOD8yKG4kQsrFrfsBckwrRYGDO014p0C3VzOOObXKwEXHSIRUtrYXpRCRh27DwBUCDceBKw7kjPP7JofWaslp1BcHxRu8maKUVatVFlzO5/ZDMKU11tbW8O6lS7h2/Tq2t7YgpQRjDJP5PBYWFnD8+HHMzs6C3kJL01pjdXUVFy9dwrVr1265HEKIOd1sLqD9cFHfM10DCWk6zjQBOaqksMZ1RZVKBafPnsUvz51DqVRCvVYDd932Mx6EwFpexoULF3D67C/w2GOP4aOPPo5sNht+EmMElMtlnDl3Bq+ffR3bm9toNBq3XA4tlUVMfZTz1rRlxW72ixdKCCEExcL6HGNsV2fUPY0SRFDQbxoEhcIGXnvtNZw7dw7VagVSqt0P22gNzjk456hUytgubKG0VcJTJ09iZjrSED4SCoUCXn31VZw5cxqVahVKKn8FbpEcGgTkCHcac2GEDOxDnFp1Rms9E3QgSGsd6agQgca7776Ls6+fRalU2kUGoRSUMRC6I4qSCqVSGafPnMHFSxcH5h8VWmtcuHgRp8+cQalU3kXGAckxIzifCYsQaiFaa1w5/2ZOKTk5rttoOA04DQfQGoRS5HI5PPTwwzhx4gSSiQTqjQYuXLiAt958E8Vi+5B5o9FAo9EYs+QdEEJ25UkoRW5i4sDkUFpN8lYzFxZnYB/SajpZJWV2XGEW77sPx44fw+XLl7GwcC+e/OQnsbS0hHQ6DcYYpJRYmJ/H4uIiTp06heVry1haWsLiffeNW/RuORZ9cjzxRFuOVGpHjoUFLC0u4mf7LIdWKis4D9XlwJOLvzz16l9KIf5KuK7d7yQJobR9BZ1QpBSUELico1QuoVFvwE4kkJuYQCwW21Nmi3OUikU0Gg0kk0nkcrlevHEHFbrTPxRLJdRqNdi23VcOzjlKpRIajoNkIrFLjlFBKHMIY389f+LBv+lXl0EWQqXr2lKp+KhCaK2hAZiWhZnpGZAZ0gtTAf2PZZqYnZ3dk0cXo5LS7e9M08TM9DSmp6Z6+frlIEA73szM7sGJ1mM1Cq1UHFrbaPfdKijOIEJMDVi68xRsaGFhIy9fvC4hIZnt7J90ggghoWUMkq2b1lt+mBy9PZwOCeOUvyOHIiDUAmACaAXFGUQIgWck1legbgvrhPvj9ZThyWfQ6IwQAtrNc0xFeOX3kqFC5Njv8rtlk7Y++2Y08rFHf0UGzUm8LdQr4C5hfX0UKN2jlLDy+sm568IOGUqpPXLtd/nDYhAhGloH+rq+CfpYR5cUPxFepXTj7Vqg9ChlXBX4yeiW7ZXpVpbfFkIrhDzRO4gQV2vNCSHaf4g6uKxg097jvz2XUgpaqV1uoTtq66GjFH8tBrXSwPI8ZHTL1p5GsZ/l++UAIVq117HcfnEHEaKYYTSklE0tpd3NvCvMLgIi9CO7SOh+lxJSyl582qk8BaA9VoV9chG7CPKQopTqld/tOPe7fEJokzDWQJ8RFhChDzEtqw7O66pDSBD6uamgeEEKkVL2hp5UKRjYTTjQcTcYMHEKQTf9HlmUguzIALRfP8SwQ8a45XvdIaW0zkwz9EU3Awmx4vGSFLIEINITQlHJgbeFAr0WShjbQ9x+w2+tqmOlgGe4S+m+l08oKRmmWQqLM3C1d/nC+WKr4Wx7w4PcVueHdgvqM2YPq2BvdAOgUq2isLkJKSVmZ2YwMzsLyxr/bIUQAutra1jf2OhNEJOJRK/f6MqxXydn/PUlhG5T0wx9G8RAC0mkUhvlYnEjkrn6fG3gUNIXTjstsasQpRSKxSIKhQKgNaQQiMXjmJmeHmuUQwCUSyXcvHkT5XIZlFIwShGLxcAY6ymCMtbuxzrLP970Y/ciBBuWFdsIixK6/K61RjyRWlVKrkUWxuMOQt1W5/gpIQSMsd4FoN2nKAWlNSrVKkrFIsSYW6tCCBSLxfYeiNYQUra3a7UGo3RHhu4Ia8C55UHwW4fWGkrKtVjcDn1ad6CFGKZVEELcIIRwrXXPb/R1W2gvNyAo3Gcp6LZCz0iGMgbbtnsrr1JKbG1vY3JyErOdtaVhzg53USyVsLm5CSFErxHYto1YPB7osvotlkYpP8g1E0K4EuIGM81CmMwDN6jsVIrbdmLZMM3oz2FH6JB7K8GMgTIGZhht12GayGSzSKV2Hmit1WpYWVlBtVqNLIIXlUoFN1dWUK3VeopMpVKYyGZhmGZPhl1Xx211V6uj2klQvdsuma0asdhyLG6HviNlICFaa2RyuSud19/1LXzPyCik8/b755776iggm80in8/DNNoGLKVEYXMT7129imq1OpQbqVQqeO/qVRQKhd5IzjQMTOXzyE5MtPsSj8tkfciIYh39yNBagzJ6OZ5MXxk0aot0DCg9kbuolLoUJa5HkoGjql0V91yWZeHI7Cym8vneiQ/XdbG2vo63L1zAyurqwD5FCIGV1VW8feEC1tbX4brtyTElBNNTU5ibm4NlWb0yo5ARXt3+ZACAVvpSIpUeuA8caXHRTqY2KaXnmWEU/IeGB/UlYcsNQRXthiVTKRy95x5w18XWdnvU7boutra2UK/XsbKygnw+j1wuh3g8DsoYlJRoNpsoFovY2tpCuVJBs9nszTEAYHJyEvfMzyOVTPb6jT0yej6jDIMHkUEZK4DS8zE7sbknsQ+RCInZCXH1nbfeKG9vn5dCPB0lTddtdeclg+CvOKMUk7kcsLgISim2tragtIaUEvV6vad407LAGOs1CCklXM7BXXcXEZQQ5PN5LN53HyZzOTDPBDRIOr/yRyVDA6DMOJ9Ipd8wLGvgUDHy8nsmN/nmdqHwOoCn0F5d2CVAV+ig9a2g0VaUlscYQ35yEpZpYjkWw/r6eu9koZQSjpRwms2BspuGgdkjR3Dv/Dyy2ezO3CeCKxp2NOUnQwNSKvW6nU6/OVBQRCREaw3BeTFuJ04DeNfl/MSg+F4Mcl3+cO+ohjGGbDaLY8eOIZ/PY2VlBdvF4q7W3w+MMUzmcrj77ruRn5yEbdugnuFtlJWDIFl1n4a2hwytQQ3jXdM0TydSmUjva4xsIYZlqezU9KnWjes/B7CHkKClkl54xy10xfdbUr+0XVBKkUwkYFkWJrJZVKpVVCoVlCsV1Go1cM6hlOoNCFKpFLKZDCYmJpBJpxGPx2EYRt/+aqi6YC8R3TA/GUprUJCfJzPZU8wwIu0rDbVjmMlNXi9urL2qlDwpXPfesIrsuleqPQlsBwS6MP/KandDyJuPaRgw02kkEglM5fNwXRdCiJ20nZGbYRjtuKbZm/0Pg2GI6IYHkcEYu8oYezWRzl6PWvZQhKQyWTc7OfWTzbWVpwEsIGB5Z9j+pAtvfAXsbJ22E+2K1x2ieo/lhLmYUeBf9giLoz0uuUuGbndSryUz2Z/YqVTfDSk/hn5OfWJ65qoVt18xTCvSvGTPhNG3bepfZu8ti+9UbOeESMjcpl+egyZio6TfEwfYIzNl7JJhWq+kJyavRhKgg6EPOaQyWTc9kftRq+l8AoTcC8/6lldgoP+eCFEKmkZrCxr9rcVbRlD5wyBKGr/r8ltF915rzQnIDxPp9I+GsQ5gxFMn03Nza61G7Qe1SuUR3moFvh9qFFK6Q1E/FDzL332I8ZbVT5ZREOS6vER4rbcbZhjGz+1U6ge5mdm1Ycsb6eUzdjIt05nMKcMwXmaG0fdovd/kw9yX/wRI0LXHjQXkOYybGiR3oGvCXvfkvSilNyk1XrZTqVOWFR/6T2NGspBOS65e/tUbL7vu9glF5B9rrQMPvkaylM7iYuTysddivCOyceHPJ8gi4Pvs3LcIof8eTyZfnp47Wh1FnrEOyjm12jWl1LerpeK8y/lvoc+m2iBS0EnoD/W6sCB35t3F7K47eRIPWaPd+Xpl8BLi//Tca8M0f5xIp789NTd3bdTGMdYLG+1USmbz+bNKiG/Ua9Vpl/PH+8UNJUXr3jzFW/kgMvzEdL97yQECCIoILwFeOYNcr/feMIyz8bj9jVQmezaeSI38/1Zjv/t95q57nKtvv/WKK9wprXVGuO6xfnH7kdKbPHZmzlFcWKDFeInDaHvgQZ249z7okzF2ybSsr5uW9Upu5shY/8wzNiEdJZQvvnH2+0qIrNb6z6UQ94TFB/qQ4lFAkAvzlRlVtog1CV6b8t/7Bw2U0uuMmd8wrdj3j95/ojxuP7Yv/46gtYYUYvPSm+e+pbQ2tNYvKSmPhsUHQvoUrQOtpZ+78uc9zsGEoPvud791UMpuGIb5D6Zlfevo0vHN/RhUhEo+bAGCc3LprXNzbqv1vOu6L0khQt85uOfQA/bui/Q+u9u8IXsUQfn1KxMIr9+gvoNSes2yrK+YVvyb88dOrBqWNZSy+q52hyUahfEOKbNSiD/grdafCdf9SBThwhS7h5j2l0gbSEErvF2EuShvmJ8Uxox3DMv6O8swvrdw4sH1YckIkqsXHpZoVBMkhOCdc6fzSsjPNBuNv3Bd/gkMmIT2284N+vSTsed7UJoICLKK3vd2mDIM4/+suP23hLL/Ov7Io1vj6CgwPIqAoxZ49e23Mq1W89fq1epLwnV/R2sd+nLhfkrs59p6n/7KRdgJDIOHAC/qhmn+h51IfsW0rF8snHiwMq5+gnDL/vKoI2ylsHrjf5VUq61W87zg/ItSyr4vYNkziw+ZSPoSDp9mEHb1F+yKYVnfMWOx72Xy+cvTc0db+7Uq4MctsxAvnFqNXr14fhpaP9l0nOdd1/11DLAWINzt9Nv/iNqhdxHasbet4kfxuP1NDfKz+fuPF+xUaqgnyoaRBTggQroCrL53KbG1ubkgpfpNwVtfEK77KCJY6aD+4BYQIphhnDMs67uMGa/k8vnlIwuLjf3WR2B4WKJbYZbNRo3cuHJlouU0jikpnnE5/30hxMMYghj/fb84g34PqJ9ghvGWacX+mTL2w1jcvnR0calkxe19V8RtQ0gXtUqZrS1fyTmNxiJAPuXy1u8K130cQKR/qRl1y7YPITXDNM9YVuwHGngtbieuzM4vFFOZ7C37z/XbjpAuapUyLazcyFa2t++ijD4A4GnebH5aSnkM7Zd9DUTYXCMEnDF2yYrHfwzgp0rKtzO5/Ep+7q5yKpPdl34iDLctIV0QQrC2fCVeLm5P1avVGcM0lyhlH+Wt1qPC5Q9rrY8g4qiwT2UFIWTNsKy3LCt2Til1Vgr3cjKd3kjnJjeP3HNv86DrGxgeluggBfSCEIL1G8vxerkyUa2UJnirNWFZ1oxpWfdqjXkpxZwUYkoIkVVKpeHZHCOEtCilVWYYZWYYm4wZq4Tgmsv5VZfzDSsWL6UmJkrJdLo0e3ThQEnw1zEwPCzR+yWsF13BixtrZrNRTzQdJ9FyHJvzVoxzbkghTOz+DxPFDMM1LUtYVqwVs20nbtuNeCLZyM0ccYHbq16HOMQhDnGIQxziEIc4xIcQ/w9cf26HIX8x9AAAAABJRU5ErkJggg=="
        />
        <div
          class="effect"
        />
      </div>
      <span
        class="feedback-label"
      >
        good
      </span>
    </div>
    <div
      class="reaction"
    >
      <div
        class="vue-reaction"
      >
        <img
          src="data:image/png;base64,iVBORw0KGgoAAAANSUhEUgAAAGQAAABkCAYAAABw4pVUAAAACXBIWXMAAAABAAAAAQBPJcTWAAAAJHpUWHRDcmVhdG9yAAAImXNMyU9KVXBMK0ktUnBNS0tNLikGAEF6Bs5qehXFAAASH0lEQVR4nO1de2wcx3n/zezt627vlrwXSdkiKYp+yoqTOKobKG1sRXCsIGnd2gjcB5DWLdwUaNA2aFMUiYMmddPGaRwEblMUCIICbVG0jWLDSAIjceKmfiiW29qWJVmRRZGiKFOiyOO9n7sz/YO31PK4ezf34EPy/QBKd7OzM998v/m+mZ1vdg7oo48++uijjz766KOPax5EJBPnfKPl8AUh3iJyzg0ASQBxAFEAKq60pwQgDeAygIsASoSQdY3YynYB3m3bloS4BeWcUwATtUr5zkq5tK9SLt1uVco3VivVpG1ZAcZsgDHALSOloFIAAVlGQJZtWdUuyYryM0XXjymq9gql0hEA5wkhNVc9m9jCFWxrQhpICFnV6gcL2cxHi7nsh0vF/CizrIBb6ZRS4bLdeYkUgKwqXAsZZ4KG+SNF056ikvQSISTnqr/b5ghhWxLiCMU5p7Zl3ZFOXf6N/PLyA5VScQQAhfNPHSJEtENWQNUQDIfPhyID35E1/Z8opScJIdW6TG20pH1sK0JcRKilfP5QenHhU/lM+v22benAilLbIaIdEvygBkNWOBp/VjeMJ6SA/BNCSKEuY9dle2HbEEIIAedcKuXzH126eOFPC7ns+2zbVh2ltkNGL4hohKLrPByN/ZcWCn9ZVtTnCSFFYGP0sC5N5MZeCeIIUCkV9y1cOP+5QjZz0LbtIHBFsaJkbAQRjVCDITsSSzyphYy/kgKB44QQq5ekbCkhhBBw244szM/9cWrh0u9btdqQmwTn/1ZkbAYRjQgNRJfCA4OPacHQt4gkLQK908m6NJEbu6ncqbRUyO2bnz775VKpuJ8xplwtZDgIqBrMeOIZLWR8VlbU1wkhdrekbDohhBDYnNPMwsXfvnTh/CNWrTYGrCXB+X87k+FGJJaYC0bMP9FCxncJIYVedNY1aSI3dlJp3UUF356Z+kJqcfEhxuwopfSqJsOBFjHL4YHoF0JG+JtEkha76bCNCHQrnF9FVq0Wnzp14vFSIf8rjNlGp88P240MAChnMxqrVb/EORu2bfsrhJALvRrse04IIQS1SiU5dfLYN8rF4kcA6M61ZtZxtZDhoFoqkfTCpT/kjIesWu0vCSGzvSClp4TUyUhMnTz2D5Vy+SMANGCtYq8FMhxYlTIyiwu/CwC9IqVnhNTdVOTMidefqJRKhxjnmteYIYKrgQwHLlKKtm0/1q376lnLuW3LU2+e+OtKsXgv41xv1uubWcfVRIYDq1JGLnX5U8V06hPctuN+IQMR9KT1hBDMnvnZp0u5zK8y2zbXVXIVKrldVEslks/nHslm04c456FOSelaU4QQLLx9/mPLi4sPccaG4TFeuD9fa9bhRjmb0axS6UuFbHof51zqpIyuNEAIQTGXG7swM/0Z26pNrhbqQ8o7Admly9dblcqfVculGzqxkq60xW1bmj51/LOw7dtpg+b9xpBr1TrcyKWX7y0X8g90Mp50rAVCCC7Nnft4tVr9EGMsvFKat5KvJWWLwKqUUSmV/iibTr2Xc97WTLZjTVVKxfj87LmHmWWNrymwifL9+sq1SFghnYqBsYetanW8HSvpSBMrs6rTD3OOW7zK8HNXpMn1axGFbOa+fHb55znnQdF7OtJMLpMezy6nfplzNgRsfkTvakGlWJDA+UPlYl7YStrWFiEEc2ff+i0Au9aW1Nkgfa0TVsxm7ioX8ndyzkMi+dvWRi6T3lHMZj/MbDuxrjCB8eNaJ6AR1VKJEEIfrJZLO0WspC3tEEJweW72AU7pznbuc48f70QUs5kD+czyLZxzpVXetgipVSpK6vLCvdyyhnwLfAc/FPqhUiwEJBo4ZFvWcKu8bWls6eKFD0CSxtCjVeJ3EmG1auXefDo13MptCSuWEIITrxw5SBgb6jYMU7UsvPbqq/jpT4/g/Pk51Go1DAxEsHfvu/ALv/hBJBMJ0C5WTDuV58iRFzE7uzHylIuFnZIsv5tz/iaAnF8+4Zh6tVzSXj/ywvcJIXc597njHah/XrOI6LGgmMnl8OSTh3HijROoVqvr6orGBnH//Q9gz617IMuyYHM7RzqdxuHvfBvHN0GewaEd/xIyBz4fUJRpwDumLuwzlhcX7qCSlICLDD/4XataFp5++ilfMgAgtbSMw4e/jZnZc2AbvLe2all46umnfMnotTy1avnOQjYda+a2hAghhCCzuPRecD7YjUBvHDuG6bMzvo13kFpaxtGXjyK9vNxNdS3x2quv4uzU9KbJU6tUJq1abQfn3NfUhMeQbDa9lzFmdupLGShOnXoTuWx2NW3XxATuPXQIsWgUL7zwAl45ehSFQgEAcOrUSXxg/35Eo9GO6hPBZstTrVSIHo7cBuBFAEteeYQspJjLKcy2b4Dg06Z3RQyZdAa12uo7Mti/fz8mJyYwMjyMA3ffjXg8vnotnc6uybsR8JRncnLD5OG2BYDfUq2WI355hAgpF/PjlNIwXJMAxphvfr9rAUUBqY8vqq4hEY9D0zQAQCwWQ9g0QaWVQJusyKt5Nwqe8ijKhspj16zdlULB8JVJpJBiLruLg3haB2NM+Hni4IEDKBTyuLSwgIMHPoTh4WFwzsE5B6UUBw8cQD6fW70+lEwKldspGusbHh5uer0X8jBmj1u1mm/MXWhAeOuN1z6RWVr8C9u2x/3i5KLT3u22HcjpEJtVvxoM2ZKs3JPcOfac14uoQjVWy6Uk51zthUDNXJ1X3nbytwPOORhjTfctb0T9tm1LVKIxAJ7rWkIuq1qtDnKfAhrhdmF+7ky0ke5y3N+7QaNFiFhIL+u3LQuE0EGs6LOyrk6RQqxqNcwZ63j9ijGGRgo4sJrmfGautNX7XOR121vdym+0ELcMG1U/sDLTIgRh+BiDkJIZYzqAlvuMWg3w7uY4yvFqopPmjD0iVtcKjWRwzldI8LCQjajfLQdAfPXZdq/3FYixNVHDxnxevauZu1iFh1K6QSMZrcaRXtYv0t6ultEdIZsJ63XNLZht28hls5iamkImk9nw9atmkCjFxMQERkZGoKjqlU7UQEqvOocXREu1seJmhdBoDe7vqz203jsBYHp6GsvLy1tKBgDYjOHs2bPIZrOwLGt1DPEaA7utCj76FCKEUpoDYInk9Rv4nIa5yXD+bMaATYx/NIPNGLhLNresHFfa1+4Av+oVVizMV59ChAQUJes+qMV35tHEMtyCuYnhjEEixPfUn82GROmK4uoH2vT6sAAqSeCcZwF4LowJEaIoSso5/8MPfm7KPXVcN9Op90ZJkrYNIYH62pXbQhx0So273ZIUAGN2CoCnPsUI0fR5EFIWFcDLMvxmM4wxyLK8beLrcn1xsXGK3CtIgUAOnKfRjcvSdf0CVg4FW4WX22KMrXFbIlNdSin0YBCS1NHrFD2HruuQZXnVYkmX7rSxvUSiF6gsl/zyCxESDEembM7znQjUSIpXA03T3JT4uQhM04SiKKuLo25Ze+FU5YB8VtN0X10KERIdGrlMGFuAz0C0Dq5xgzqDpBfqjdU1DUYotOVW4sghy/LKQ26PrYNzDkLoaVUPdkcIANBA4A0QknGn+bqthjzuZw4HjqUQSQINBBCPx6EqQuuXG4Z4PA4tGAQNBNZYyOpniL/z4jX2EEJgW9ZxRdMzPreJEcI5RyQycIwS6lvQOggsXbsbG4vHYRjGlg3uqiwjkUwiGAyCUoqAi5TG4z9awYsMzjlkTctZVu0tAAW/e4XrMeOxowBPNaaLWEkjHCLW+GdCMDo6Cr0e0t1s7BwdhREKeQbZGoNrzTqNHxmccyiq/r+6EV5Ekxm0MCHDO8fPMcbOABCe/rayEreFUEoxMDiIZDK56QP8gGkiOTQETdfXWkWbkc5mZABAQJaPhAeinrtNHLTlH4KG8RyhdKExvZWVNLMcd+MBYHzXLsRjsU0b4HVNw4033YRwOLwqR6D+50WGHzEtyVDUaqVcfj6gKL0jJDE88gMCXBLN3/hc0gqUUsiyjJtuvhmxaHTDxxNVlrFnzx5EBwchEQKKtQpZs1UWnZPBAWgh4yXdMM6hxZqgcIs55xgemzjHGHsFQLbxetPImst1ua/5NVZRFNy2dy+GkskNsxRd03D7e96DZDKJgCStd1UNsjU5YbslGRwAlaTvRaLxi63kaqsLcs4RTQ49SSm90Cpvu65rjVCUQlMU7N27F7snJqCqPdlfsYpEPI6f27cPQ4kEpBZ7lN1P7G74bZJoJINxDlXX56xq5QUpEGi5F7XtANXw6PhzqYVLJwBMYOW89VU029RAAWfp2TMc6nVvQJIwuXs34rEYTp8+jVQ63VVcW5VlTOzejbHRUSiuZx6v3u8o1YsIvwddLzI459CCxr9HBmOzEFif7OiIv1P/d/S+fDb7GGPsBq/8fq7IvX/Lfc1vr5ebHg5gaWkJ09PTSC0vw7ZtEdEBrLin0dFRjO7cCV3XW9/ggVaLjH5kqKq2IKvax6+fvPF5rN1W0LszF/PZjHzyf17+VwC/hAYrceC7oW7lgzApwPqBtlgqYWFhAblcDplMBsVCATXbBuccEqVQVRW6rsM0TYzs2IEB02zqmpq1u9VKr9d44Y6KDiaGHjej8a/qhvF24709O3PRiJi1gXjyH7OpxdsYY7e0yr8uFl0PibrTvNxXY0zbuaapKsbHxprW6ZS1sn4kth7VzlL7unUqrN3BwjmHpgfPWdXKf+qGMS9UKLo4WmN0cvLHDPgxPGZcQPOAVf3DujTmMxtzYtrN9kx51d8Ygm31J0KG734uj21Gaij0d8nRsdNoI7bVMSF6KMxHx8f/llJ63K/CdklpRVAzYroZ7FthTVzdg4jGvQKcMUQGoz+UFeV7iqKtW25qho4J4ZxjZNcNM1ow+A1C6YxfPlFSvMjwKsOPmDXXekCOFwmANxFO/itLJOoSZ/zxxNCOM+3W29WjMOccu299178R4LsAfFeCRUjxSveyEHcZfsSsud7h37rnC/gT4bYQAAiZkb9JXHfdUVDa9hs+Xa9N6IbBxm66+YuE0hfhE7gHBDZBCJLhR4zlIqcXzsu919fmHHajy/JyVZwjMhj752DIOKwFjbZclYOeHDVOCMHMm8dvv3xx/puMsTualdv48Of5zNJkKtyqDJH0VvCbbXlFAN0EGeHIy6quf3LHrsnXIfIQuJFnvxNC8Oarr9yTT6e/zhi7uVneXpDi9d0vrRu0Wqtyvmt68IweDP3O9ROTL4JSoafWDT+MnxCCN15+8ddKxeKjnLGJZnlbKbcZMY3fm5HQLkHCSyOuz4qivh2KmA/vGJ94VgoE1r3z4YdN+XUEQgheP/L8b1ZKpS9yznc1y9uqh6+5LkBMs7ROIGIdiqLOGxHz94ZHx38QUBRhMoBN/LmKdiwFaMNaVr4I3ydSV7vLI+7vqqrOGebAJ0dGdz3bLhnAFvx+SH1M+SpjbE+rukR6uh8xfvc3S/eD6ICuasHjoXDkD67bNfGSFAh09AL7lvzCTn329TXG2H60eE+xHaU2I6dZWaLwJIZzgHMYEfOZoBH+zI7xiROgtONZ9pb9KNjl+bn47FunH7Ut60EA686Gb0THxFxJbFtGT9QJWAUhFTMWf8Iwza8lRq5ft3rbLrb0V9pK+TydOnns10vF4iN8JY7Ssu5OZk8bNe1VVO10JBr/88TIjmd0wyj2ouxt8TuG89Nvjc/Nzn6eWdb9AHzP/HCjlZJFSWhnk8IqCKkMxGLfCpsDX4mNXD9DKe3ZVvgtJ8RBuZgns2fOHMimlj7HmP1++AS5GtHJLKoLcN0wfmhG44/Gh0eOKpre9iyqFbYNIQ7y2Yx8Yer0x3KZzKcZY++DIDFA54oXmPZyPWT890As8ZgZj//EiJi+2z67xbYjxEE+m5Euzs4cSC8tPsxs+x4IujIHPbKKghExvz8QT/y9MTB41IiYvu9w9ArblhAHhBBcPHd2bGnh0n3FfP5Bxti7Uf9hsXbQBkGWqmlHI9HYfximedgcjL8dUJSNi3Q1YNsT4gYhBBfPz4zlUst3ZbOZu61adT84HwPQzcZfJknSGd0IHwkPDDwXCkd+ZETMeUXTxbew9BBXFSFuOIKnLs0nSvn8reVy6cZKubS7WqnsqFarcW7bUayMP6SevxSQ5bSsKJcVTZvTNH1GDxmnVE0/IavacjAcZlvdprqcWy1CH3300UcfffTRRx999NEH/h9rPnIF9x/h6gAAAABJRU5ErkJggg=="
        />
        <div
          class="effect"
        />
      </div>
      <span
        class="feedback-label"
      >
        awesome
      </span>
    </div>
  </div>
</div>
`;
